\BOOKMARK [0][-]{chapter.1}{\376\377\000I\000n\000t\000r\000o\000d\000u\000c\000t\000i\000o\000n\000\040\000a\000n\000d\000\040\000P\000l\000a\000t\000f\000o\000r\000m\000\040\000A\000n\000a\000l\000y\000s\000i\000s}{}% 1
\BOOKMARK [1][-]{section.1.1}{\376\377\000R\000e\000s\000e\000a\000r\000c\000h\000\040\000F\000r\000a\000m\000e\000w\000o\000r\000k}{chapter.1}% 2
\BOOKMARK [0][-]{chapter.2}{\376\377\000P\000l\000a\000t\000f\000o\000r\000m\000\040\000P\000e\000r\000f\000o\000r\000m\000a\000n\000c\000e\000\040\000A\000n\000a\000l\000y\000s\000i\000s}{}% 3
\BOOKMARK [1][-]{section.2.1}{\376\377\000C\000u\000r\000r\000e\000n\000t\000\040\000S\000t\000a\000t\000e\000\040\000A\000s\000s\000e\000s\000s\000m\000e\000n\000t}{chapter.2}% 4
\BOOKMARK [1][-]{section.2.2}{\376\377\000P\000l\000a\000t\000f\000o\000r\000m\000-\000S\000p\000e\000c\000i\000f\000i\000c\000\040\000A\000n\000a\000l\000y\000s\000i\000s}{chapter.2}% 5
\BOOKMARK [0][-]{chapter.3}{\376\377\000C\000o\000n\000t\000e\000n\000t\000\040\000S\000t\000r\000a\000t\000e\000g\000y\000\040\000a\000n\000d\000\040\000P\000e\000r\000f\000o\000r\000m\000a\000n\000c\000e}{}% 6
\BOOKMARK [1][-]{section.3.1}{\376\377\000F\000o\000r\000m\000a\000t\000\040\000E\000f\000f\000e\000c\000t\000i\000v\000e\000n\000e\000s\000s}{chapter.3}% 7
\BOOKMARK [1][-]{section.3.2}{\376\377\000G\000r\000o\000w\000t\000h\000\040\000O\000p\000p\000o\000r\000t\000u\000n\000i\000t\000i\000e\000s}{chapter.3}% 8
\BOOKMARK [0][-]{chapter.4}{\376\377\000E\000n\000g\000a\000g\000e\000m\000e\000n\000t\000\040\000A\000n\000a\000l\000y\000s\000i\000s\000:\000\040\000T\000o\000n\000e\000\040\000a\000n\000d\000\040\000C\000o\000n\000t\000e\000n\000t\000\040\000E\000x\000a\000m\000p\000l\000e\000s}{}% 9
\BOOKMARK [1][-]{section.4.1}{\376\377\000T\000h\000e\000\040\000I\000m\000p\000a\000c\000t\000\040\000o\000f\000\040\000I\000n\000f\000o\000r\000m\000a\000l\000\040\000T\000o\000n\000e\000\040\000o\000n\000\040\000E\000n\000g\000a\000g\000e\000m\000e\000n\000t}{chapter.4}% 10
\BOOKMARK [2][-]{subsection.4.1.1}{\376\377\000E\000n\000g\000a\000g\000e\000m\000e\000n\000t\000\040\000R\000a\000t\000e\000\040\000C\000o\000m\000p\000a\000r\000i\000s\000o\000n\000\040\000b\000y\000\040\000T\000o\000n\000e}{section.4.1}% 11
\BOOKMARK [2][-]{subsection.4.1.2}{\376\377\000C\000o\000n\000c\000r\000e\000t\000e\000\040\000E\000x\000a\000m\000p\000l\000e\000s\000\040\000f\000r\000o\000m\000\040\000Y\000U\000'\000s\000\040\000C\000u\000r\000r\000e\000n\000t\000\040\000P\000l\000a\000t\000f\000o\000r\000m\000s}{section.4.1}% 12
\BOOKMARK [2][-]{subsection.4.1.3}{\376\377\000E\000n\000g\000a\000g\000e\000m\000e\000n\000t\000\040\000D\000r\000i\000v\000e\000r\000s\000:\000\040\000W\000h\000a\000t\000\040\000W\000o\000r\000k\000s\000\040\000f\000o\000r\000\040\000Y\000U\000'\000s\000\040\000A\000u\000d\000i\000e\000n\000c\000e}{section.4.1}% 13
\BOOKMARK [2][-]{subsection.4.1.4}{\376\377\000P\000l\000a\000t\000f\000o\000r\000m\000-\000S\000p\000e\000c\000i\000f\000i\000c\000\040\000T\000o\000n\000e\000\040\000R\000e\000c\000o\000m\000m\000e\000n\000d\000a\000t\000i\000o\000n\000s}{section.4.1}% 14
\BOOKMARK [2][-]{subsection.4.1.5}{\376\377\000C\000o\000m\000p\000e\000t\000i\000t\000i\000v\000e\000\040\000B\000e\000n\000c\000h\000m\000a\000r\000k\000:\000\040\000B\000r\000a\000n\000d\000e\000i\000s\000\040\000U\000n\000i\000v\000e\000r\000s\000i\000t\000y}{section.4.1}% 15
\BOOKMARK [2][-]{subsection.4.1.6}{\376\377\000A\000c\000t\000i\000o\000n\000a\000b\000l\000e\000\040\000R\000e\000c\000o\000m\000m\000e\000n\000d\000a\000t\000i\000o\000n\000s\000\040\000w\000i\000t\000h\000\040\000E\000x\000p\000e\000c\000t\000e\000d\000\040\000R\000O\000I}{section.4.1}% 16
\BOOKMARK [1][-]{section.4.2}{\376\377\000M\000e\000a\000s\000u\000r\000e\000m\000e\000n\000t\000\040\000F\000r\000a\000m\000e\000w\000o\000r\000k}{chapter.4}% 17
\BOOKMARK [0][-]{chapter.5}{\376\377\000I\000m\000p\000l\000e\000m\000e\000n\000t\000a\000t\000i\000o\000n\000\040\000F\000r\000a\000m\000e\000w\000o\000r\000k}{}% 18
\BOOKMARK [1][-]{section.5.1}{\376\377\000S\000t\000r\000a\000t\000e\000g\000i\000c\000\040\000P\000r\000i\000o\000r\000i\000t\000i\000e\000s}{chapter.5}% 19
\BOOKMARK [1][-]{section.5.2}{\376\377\000R\000e\000s\000o\000u\000r\000c\000e\000\040\000R\000e\000q\000u\000i\000r\000e\000m\000e\000n\000t\000s}{chapter.5}% 20
\BOOKMARK [0][-]{chapter.6}{\376\377\000E\000x\000p\000e\000c\000t\000e\000d\000\040\000O\000u\000t\000c\000o\000m\000e\000s}{}% 21
\BOOKMARK [1][-]{section.6.1}{\376\377\000P\000e\000r\000f\000o\000r\000m\000a\000n\000c\000e\000\040\000T\000a\000r\000g\000e\000t\000s}{chapter.6}% 22
\BOOKMARK [1][-]{section.6.2}{\376\377\000S\000t\000r\000a\000t\000e\000g\000i\000c\000\040\000B\000e\000n\000e\000f\000i\000t\000s}{chapter.6}% 23
\BOOKMARK [0][-]{chapter.7}{\376\377\000C\000o\000n\000c\000l\000u\000s\000i\000o\000n\000s\000\040\000a\000n\000d\000\040\000R\000e\000c\000o\000m\000m\000e\000n\000d\000a\000t\000i\000o\000n\000s}{}% 24
\BOOKMARK [1][-]{section.7.1}{\376\377\000K\000e\000y\000\040\000F\000i\000n\000d\000i\000n\000g\000s}{chapter.7}% 25
\BOOKMARK [1][-]{section.7.2}{\376\377\000S\000t\000r\000a\000t\000e\000g\000i\000c\000\040\000R\000e\000c\000o\000m\000m\000e\000n\000d\000a\000t\000i\000o\000n\000s}{chapter.7}% 26
